// Jest Snapshot v1, https://goo.gl/fbAQLP

exports[`ImageCarousel renders a list of images 1`] = `
<View
  style={
    Array [
      Object {
        "flex": 1,
        "justifyContent": "flex-end",
      },
      Object {
        "backgroundColor": "white",
      },
    ]
  }
>
  <View>
    <RCTScrollView
      autoplay={false}
      autoplayDelay={3}
      autoplayDirection={true}
      autoplayLoop={false}
      data={
        Array [
          <Component
            style={
              Object {
                "alignItems": "center",
                "height": 1334,
                "justifyContent": "center",
                "width": 750,
              }
            }
          >
            <Image
              source={1}
              style={
                Array [
                  Object {
                    "height": 800.4,
                    "resizeMode": "cover",
                    "width": 712.5,
                  },
                  Object {
                    "backgroundColor": "white",
                  },
                ]
              }
            />
          </Component>,
          <Component
            style={
              Object {
                "alignItems": "center",
                "height": 1334,
                "justifyContent": "center",
                "width": 750,
              }
            }
          >
            <Image
              source={1}
              style={
                Array [
                  Object {
                    "height": 800.4,
                    "resizeMode": "cover",
                    "width": 712.5,
                  },
                  Object {
                    "backgroundColor": "white",
                  },
                ]
              }
            />
          </Component>,
          <Component
            style={
              Object {
                "alignItems": "center",
                "height": 1334,
                "justifyContent": "center",
                "width": 750,
              }
            }
          >
            <Image
              source={1}
              style={
                Array [
                  Object {
                    "height": 800.4,
                    "resizeMode": "cover",
                    "width": 712.5,
                  },
                  Object {
                    "backgroundColor": "white",
                  },
                ]
              }
            />
          </Component>,
        ]
      }
      disableVirtualization={false}
      getItem={[Function]}
      getItemCount={[Function]}
      horizontal={true}
      index={0}
      initialNumToRender={1}
      invertStickyHeaders={undefined}
      keyExtractor={[Function]}
      maxToRenderPerBatch={10}
      numColumns={1}
      onContentSizeChange={[Function]}
      onEndReachedThreshold={2}
      onLayout={[Function]}
      onMomentumScrollEnd={[Function]}
      onScroll={[Function]}
      onScrollBeginDrag={[Function]}
      onScrollEndDrag={[Function]}
      onScrollToIndexFailed={[Function]}
      pagingEnabled={true}
      renderAll={false}
      renderItem={[Function]}
      scrollEventThrottle={50}
      showsHorizontalScrollIndicator={false}
      showsVerticalScrollIndicator={false}
      stickyHeaderIndices={Array []}
      updateCellsBatchingPeriod={50}
      viewabilityConfigCallbackPairs={Array []}
      windowSize={21}
    >
      <View>
        <View
          onLayout={[Function]}
          style={
            Array [
              Object {
                "flexDirection": "row",
              },
              null,
            ]
          }
        >
          <View
            style={
              Object {
                "alignItems": "center",
                "height": 1334,
                "justifyContent": "center",
                "width": 750,
              }
            }
          >
            <Image
              source={1}
              style={
                Array [
                  Object {
                    "height": 800.4,
                    "resizeMode": "cover",
                    "width": 712.5,
                  },
                  Object {
                    "backgroundColor": "white",
                  },
                ]
              }
            />
          </View>
        </View>
        <View
          style={
            Object {
              "width": 0,
            }
          }
        />
      </View>
    </RCTScrollView>
  </View>
</View>
`;
